{
  "exclude": {
    "files": null,
    "lines": null
  },
  "generated_at": "2020-07-31T16:27:25Z",
  "plugins_used": [
    {
      "name": "AWSKeyDetector"
    },
    {
      "name": "ArtifactoryDetector"
    },
    {
      "base64_limit": 4.5,
      "name": "Base64HighEntropyString"
    },
    {
      "name": "BasicAuthDetector"
    },
    {
      "name": "CloudantDetector"
    },
    {
      "hex_limit": 3,
      "name": "HexHighEntropyString"
    },
    {
      "name": "IbmCloudIamDetector"
    },
    {
      "name": "IbmCosHmacDetector"
    },
    {
      "name": "JwtTokenDetector"
    },
    {
      "keyword_exclude": null,
      "name": "KeywordDetector"
    },
    {
      "name": "MailchimpDetector"
    },
    {
      "name": "PrivateKeyDetector"
    },
    {
      "name": "SlackDetector"
    },
    {
      "name": "SoftlayerDetector"
    },
    {
      "name": "StripeDetector"
    },
    {
      "name": "TwilioKeyDetector"
    }
  ],
  "results": {
    "genomel/cromwell/cromwell.aws.conf": [
      {
        "hashed_secret": "43dcd3aa0e5921ef4e5eb357d13c83ee4ce47ae8",
        "is_secret": false,
        "is_verified": false,
        "line_number": 139,
        "type": "Secret Keyword"
      }
    ],
    "genomel/cromwell/cromwell.conf": [
      {
        "hashed_secret": "43dcd3aa0e5921ef4e5eb357d13c83ee4ce47ae8",
        "is_secret": false,
        "is_verified": false,
        "line_number": 139,
        "type": "Secret Keyword"
      }
    ],
    "genomel/cromwell/cromwell.dev.conf": [
      {
        "hashed_secret": "43dcd3aa0e5921ef4e5eb357d13c83ee4ce47ae8",
        "is_secret": false,
        "is_verified": false,
        "line_number": 139,
        "type": "Secret Keyword"
      }
    ]
  },
  "version": "0.13.1",
  "word_list": {
    "file": null,
    "hash": null
  }
}
